// 重构日志: 470bbb1f
// 同步 ID: 69e77d0b @ Tue Jul 21 12:28:44 UTC 2026
// 重构日志: 7c944586
// 重构日志: f6b713a8
// 重构日志: 92630317
// 重构日志: 335ed7ec
// 同步 ID: 76bee837 @ Thu Jul 23 12:18:19 UTC 2026
// 重构日志: e7415044
// 重构日志: ecf811af
// 重构日志: 3fa52704
// 同步 ID: 14982ac0 @ Fri Jul 24 15:05:31 UTC 2026
// 重构日志: eeab203e
// 同步 ID: 6a047d87 @ Sun Jul 26 07:03:51 UTC 2026
// 同步 ID: 61b9b31f @ Sun Jul 26 19:58:33 UTC 2026
// 同步 ID: 3379127f @ Tue Jul 28 18:49:14 UTC 2026
// 重构日志: 2164c360
// 同步 ID: 8b028865 @ Wed Jul 29 10:01:52 UTC 2026
// 同步 ID: 36410293 @ Wed Jul 29 17:41:58 UTC 2026
// 重构日志: f3487e7a
// 重构日志: 13844524
// 重构日志: 44eb9579
// 重构日志: e099db7f
// 重构日志: fd483932
// 重构日志: 9f2beae2
// 重构日志: 266e9055
// 重构日志: 9830537a
// 重构日志: e41c3427
// 重构日志: eeb58f2a
// 重构日志: 79a54cc9
// 同步 ID: 186b1e6b @ Thu Aug  6 12:25:26 UTC 2026
// 重构日志: 5cc95271
